192.168.1.110 - - [20/Aug/2016:08:40:08 +0000] "POST /admission/camera HTTP/1.1" 200 77 "-" "Mozilla/5.0 (Macintosh; Intel Mac OS X 10_11_2) AppleWebKit/537.36 (KHTML, like Gecko) Chrome/51.0.2704.103 Safari/537.36"
192.168.1.105 - - [20/Aug/2016:08:40:11 +0000] "POST /operator/login HTTP/1.1" 200 8317 "http://192.168.1.90:8081/index.html" "Mozilla/5.0 (Windows NT 6.1; Trident/7.0; rv:11.0) like Gecko"
192.168.1.105 - - [20/Aug/2016:08:40:11 +0000] "POST /operator/login HTTP/1.1" 200 8310 "http://192.168.1.90:8081/index.html" "Mozilla/5.0 (Windows NT 6.1; Trident/7.0; rv:11.0) like Gecko"
192.168.1.105 - - [20/Aug/2016:08:40:11 +0000] "GET /card/parkCard/search?cardOriType=2&page=1&perPage=2 HTTP/1.1" 200 131 "http://192.168.1.90:8081/index.html" "Mozilla/5.0 (Windows NT 6.1; Trident/7.0; rv:11.0) like Gecko"
192.168.1.105 - - [20/Aug/2016:08:40:11 +0000] "GET /card/parkCard/search?cardOriType=2&page=1&perPage=2 HTTP/1.1" 200 131 "http://192.168.1.90:8081/index.html" "Mozilla/5.0 (Windows NT 6.1; Trident/7.0; rv:11.0) like Gecko"
192.168.1.105 - - [20/Aug/2016:08:40:16 +0000] "POST /operator/login HTTP/1.1" 200 8310 "http://192.168.1.90:8081/index.html" "Mozilla/5.0 (Windows NT 6.1; Trident/7.0; rv:11.0) like Gecko"
192.168.1.105 - - [20/Aug/2016:08:40:16 +0000] "GET /card/parkCard/search?cardOriType=2&page=1&perPage=2 HTTP/1.1" 200 131 "http://192.168.1.90:8081/index.html" "Mozilla/5.0 (Windows NT 6.1; Trident/7.0; rv:11.0) like Gecko"
192.168.1.105 - - [20/Aug/2016:08:40:16 +0000] "GET /card/parkCard/search?cardOriType=2&page=1&perPage=2 HTTP/1.1" 200 131 "http://192.168.1.90:8081/index.html" "Mozilla/5.0 (Windows NT 6.1; Trident/7.0; rv:11.0) like Gecko"
192.168.1.105 - - [20/Aug/2016:08:40:21 +0000] "GET /admission?page=1&perPage=6 HTTP/1.1" 500 17355 "http://192.168.1.90:8081/index.html#/Retrieve" "Mozilla/5.0 (Windows NT 6.1; Trident/7.0; rv:11.0) like Gecko"
192.168.1.105 - - [20/Aug/2016:08:40:58 +0000] "GET /configure HTTP/1.1" 200 7369 "http://192.168.1.90:8081/index.html#/ParkCarManagement" "Mozilla/5.0 (Windows NT 6.1; Trident/7.0; rv:11.0) like Gecko"
192.168.1.105 - - [20/Aug/2016:08:40:58 +0000] "GET /box HTTP/1.1" 200 2377 "http://192.168.1.90:8081/index.html#/ParkCarManagement" "Mozilla/5.0 (Windows NT 6.1; Trident/7.0; rv:11.0) like Gecko"
192.168.1.105 - - [20/Aug/2016:08:41:05 +0000] "GET /configure?boxId=19 HTTP/1.1" 200 1011 "http://192.168.1.90:8081/index.html#/ParkCarManagement" "Mozilla/5.0 (Windows NT 6.1; Trident/7.0; rv:11.0) like Gecko"
192.168.1.105 - - [20/Aug/2016:08:41:10 +0000] "PUT /configure/box HTTP/1.1" 200 42 "http://192.168.1.90:8081/index.html#/ParkCarManagement" "Mozilla/5.0 (Windows NT 6.1; Trident/7.0; rv:11.0) like Gecko"
192.168.1.105 - - [20/Aug/2016:08:41:12 +0000] "GET /configure HTTP/1.1" 200 7375 "http://192.168.1.90:8081/index.html#/ParkCarManagement" "Mozilla/5.0 (Windows NT 6.1; Trident/7.0; rv:11.0) like Gecko"
192.168.1.105 - - [20/Aug/2016:08:41:12 +0000] "GET /box HTTP/1.1" 200 2377 "http://192.168.1.90:8081/index.html#/ParkCarManagement" "Mozilla/5.0 (Windows NT 6.1; Trident/7.0; rv:11.0) like Gecko"
192.168.1.105 - - [20/Aug/2016:08:41:12 +0000] "POST /operator/login HTTP/1.1" 200 8310 "http://192.168.1.90:8081/index.html#/ParkCarManagement" "Mozilla/5.0 (Windows NT 6.1; Trident/7.0; rv:11.0) like Gecko"
192.168.1.105 - - [20/Aug/2016:08:41:15 +0000] "GET /admission?page=1&perPage=6 HTTP/1.1" 500 17355 "http://192.168.1.90:8081/index.html#/Retrieve" "Mozilla/5.0 (Windows NT 6.1; Trident/7.0; rv:11.0) like Gecko"
192.168.1.110 - - [20/Aug/2016:08:41:17 +0000] "POST /admission/camera HTTP/1.1" 200 194 "-" "Mozilla/5.0 (Macintosh; Intel Mac OS X 10_11_2) AppleWebKit/537.36 (KHTML, like Gecko) Chrome/51.0.2704.103 Safari/537.36"
192.168.1.110 - - [20/Aug/2016:08:41:25 +0000] "POST /admission/camera HTTP/1.1" 200 104 "-" "Mozilla/5.0 (Macintosh; Intel Mac OS X 10_11_2) AppleWebKit/537.36 (KHTML, like Gecko) Chrome/51.0.2704.103 Safari/537.36"
192.168.1.110 - - [20/Aug/2016:08:41:39 +0000] "POST /admission/camera HTTP/1.1" 200 265 "-" "Mozilla/5.0 (Macintosh; Intel Mac OS X 10_11_2) AppleWebKit/537.36 (KHTML, like Gecko) Chrome/51.0.2704.103 Safari/537.36"
192.168.1.105 - - [20/Aug/2016:08:41:39 +0000] "GET /admission?id=117 HTTP/1.1" 200 1002 "http://192.168.1.90:8081/index.html#/Retrieve" "Mozilla/5.0 (Windows NT 6.1; Trident/7.0; rv:11.0) like Gecko"
192.168.1.110 - - [20/Aug/2016:08:43:41 +0000] "GET /configure?boxId=19 HTTP/1.1" 200 1011 "http://192.168.1.90:8081/index.html" "Mozilla/5.0 (Macintosh; Intel Mac OS X 10_11_2) AppleWebKit/537.36 (KHTML, like Gecko) Chrome/51.0.2704.103 Safari/537.36"
192.168.1.110 - - [20/Aug/2016:08:43:43 +0000] "OPTIONS /configure/box HTTP/1.1" 200 33 "http://192.168.1.90:8081/index.html" "Mozilla/5.0 (Macintosh; Intel Mac OS X 10_11_2) AppleWebKit/537.36 (KHTML, like Gecko) Chrome/51.0.2704.103 Safari/537.36"
192.168.1.110 - - [20/Aug/2016:08:43:43 +0000] "PUT /configure/box HTTP/1.1" 200 42 "http://192.168.1.90:8081/index.html" "Mozilla/5.0 (Macintosh; Intel Mac OS X 10_11_2) AppleWebKit/537.36 (KHTML, like Gecko) Chrome/51.0.2704.103 Safari/537.36"
192.168.1.110 - - [20/Aug/2016:08:43:46 +0000] "GET /configure HTTP/1.1" 200 7369 "http://192.168.1.90:8081/index.html" "Mozilla/5.0 (Macintosh; Intel Mac OS X 10_11_2) AppleWebKit/537.36 (KHTML, like Gecko) Chrome/51.0.2704.103 Safari/537.36"
192.168.1.110 - - [20/Aug/2016:08:43:46 +0000] "GET /box HTTP/1.1" 200 2377 "http://192.168.1.90:8081/index.html" "Mozilla/5.0 (Macintosh; Intel Mac OS X 10_11_2) AppleWebKit/537.36 (KHTML, like Gecko) Chrome/51.0.2704.103 Safari/537.36"
192.168.1.110 - - [20/Aug/2016:08:43:46 +0000] "POST /operator/login HTTP/1.1" 200 8310 "http://192.168.1.90:8081/index.html" "Mozilla/5.0 (Macintosh; Intel Mac OS X 10_11_2) AppleWebKit/537.36 (KHTML, like Gecko) Chrome/51.0.2704.103 Safari/537.36"
192.168.1.110 - - [20/Aug/2016:08:43:47 +0000] "POST /admission/camera HTTP/1.1" 200 258 "-" "Mozilla/5.0 (Macintosh; Intel Mac OS X 10_11_2) AppleWebKit/537.36 (KHTML, like Gecko) Chrome/51.0.2704.103 Safari/537.36"
192.168.1.105 - - [20/Aug/2016:08:43:47 +0000] "GET /admission?id=118 HTTP/1.1" 200 954 "http://192.168.1.90:8081/index.html#/Retrieve" "Mozilla/5.0 (Windows NT 6.1; Trident/7.0; rv:11.0) like Gecko"
192.168.1.105 - - [20/Aug/2016:08:45:05 +0000] "POST /admission/cancelEnter HTTP/1.1" 200 42 "http://192.168.1.90:8081/index.html#/Retrieve" "Mozilla/5.0 (Windows NT 6.1; Trident/7.0; rv:11.0) like Gecko"
192.168.1.110 - - [20/Aug/2016:08:45:31 +0000] "POST /admission/camera HTTP/1.1" 200 150 "-" "Mozilla/5.0 (Macintosh; Intel Mac OS X 10_11_2) AppleWebKit/537.36 (KHTML, like Gecko) Chrome/51.0.2704.103 Safari/537.36"
192.168.1.105 - - [20/Aug/2016:08:45:31 +0000] "GET /admission?id=119 HTTP/1.1" 200 894 "http://192.168.1.90:8081/index.html#/Retrieve" "Mozilla/5.0 (Windows NT 6.1; Trident/7.0; rv:11.0) like Gecko"
192.168.1.105 - - [20/Aug/2016:08:45:43 +0000] "POST /admission/cancelExit HTTP/1.1" 200 66 "http://192.168.1.90:8081/index.html#/Retrieve" "Mozilla/5.0 (Windows NT 6.1; Trident/7.0; rv:11.0) like Gecko"
192.168.1.110 - - [20/Aug/2016:08:45:50 +0000] "POST /admission/camera HTTP/1.1" 200 209 "-" "Mozilla/5.0 (Macintosh; Intel Mac OS X 10_11_2) AppleWebKit/537.36 (KHTML, like Gecko) Chrome/51.0.2704.103 Safari/537.36"
192.168.1.105 - - [20/Aug/2016:08:45:50 +0000] "GET /admission?id=120 HTTP/1.1" 200 894 "http://192.168.1.90:8081/index.html#/Retrieve" "Mozilla/5.0 (Windows NT 6.1; Trident/7.0; rv:11.0) like Gecko"
192.168.1.105 - - [20/Aug/2016:08:46:00 +0000] "POST /admission/cancelEnter HTTP/1.1" 200 42 "http://192.168.1.90:8081/index.html#/Retrieve" "Mozilla/5.0 (Windows NT 6.1; Trident/7.0; rv:11.0) like Gecko"
192.168.1.110 - - [20/Aug/2016:08:46:17 +0000] "POST /admission/camera HTTP/1.1" 200 199 "-" "Mozilla/5.0 (Macintosh; Intel Mac OS X 10_11_2) AppleWebKit/537.36 (KHTML, like Gecko) Chrome/51.0.2704.103 Safari/537.36"
192.168.1.105 - - [20/Aug/2016:08:46:17 +0000] "GET /admission?id=121 HTTP/1.1" 200 954 "http://192.168.1.90:8081/index.html#/Retrieve" "Mozilla/5.0 (Windows NT 6.1; Trident/7.0; rv:11.0) like Gecko"
192.168.1.105 - - [20/Aug/2016:08:46:27 +0000] "POST /admission/cancelEnter HTTP/1.1" 200 42 "http://192.168.1.90:8081/index.html#/Retrieve" "Mozilla/5.0 (Windows NT 6.1; Trident/7.0; rv:11.0) like Gecko"
192.168.1.165 - - [20/Aug/2016:08:54:03 +0000] "POST /admission/camera HTTP/1.0" 200 211 "-" "-"
192.168.1.105 - - [20/Aug/2016:08:54:03 +0000] "GET /admission?id=122 HTTP/1.1" 200 921 "http://192.168.1.90:8081/index.html#/Retrieve" "Mozilla/5.0 (Windows NT 6.1; Trident/7.0; rv:11.0) like Gecko"
192.168.1.105 - - [20/Aug/2016:08:55:22 +0000] "POST /admission/cancelEnter HTTP/1.1" 200 42 "http://192.168.1.90:8081/index.html#/Retrieve" "Mozilla/5.0 (Windows NT 6.1; Trident/7.0; rv:11.0) like Gecko"
192.168.1.110 - - [20/Aug/2016:08:58:32 +0000] "GET /Storage/img/1468993185.png HTTP/1.1" 404 2438 "-" "Mozilla/5.0 (Macintosh; Intel Mac OS X 10_11_2) AppleWebKit/537.36 (KHTML, like Gecko) Chrome/51.0.2704.103 Safari/537.36"
192.168.1.110 - - [20/Aug/2016:08:58:32 +0000] "GET /favicon.ico HTTP/1.1" 404 2438 "http://192.168.1.90:8080/Storage/img/1468993185.png" "Mozilla/5.0 (Macintosh; Intel Mac OS X 10_11_2) AppleWebKit/537.36 (KHTML, like Gecko) Chrome/51.0.2704.103 Safari/537.36"
192.168.1.110 - - [20/Aug/2016:09:02:26 +0000] "GET /public/uploadfiles/1471683243.png HTTP/1.1" 404 2438 "-" "Mozilla/5.0 (Macintosh; Intel Mac OS X 10_11_2) AppleWebKit/537.36 (KHTML, like Gecko) Chrome/51.0.2704.103 Safari/537.36"
192.168.1.110 - - [20/Aug/2016:09:02:29 +0000] "GET /public/uploadfiles/1471683243.png HTTP/1.1" 404 2438 "-" "Mozilla/5.0 (Macintosh; Intel Mac OS X 10_11_2) AppleWebKit/537.36 (KHTML, like Gecko) Chrome/51.0.2704.103 Safari/537.36"
192.168.1.66 - - [20/Aug/2016:09:02:32 +0000] "POST /operator/login HTTP/1.1" 200 8310 "http://sinihi.qnoddns.org.cn:8081/index.html" "Mozilla/5.0 (Windows NT 6.1) AppleWebKit/537.36 (KHTML, like Gecko) Chrome/50.0.2657.3 Safari/537.36"
192.168.1.66 - - [20/Aug/2016:09:02:32 +0000] "POST /operator/login HTTP/1.1" 200 8310 "http://sinihi.qnoddns.org.cn:8081/index.html" "Mozilla/5.0 (Windows NT 6.1) AppleWebKit/537.36 (KHTML, like Gecko) Chrome/50.0.2657.3 Safari/537.36"
192.168.1.66 - - [20/Aug/2016:09:02:32 +0000] "GET /card/parkCard/search?cardOriType=2&page=1&perPage=2 HTTP/1.1" 200 131 "http://sinihi.qnoddns.org.cn:8081/index.html" "Mozilla/5.0 (Windows NT 6.1) AppleWebKit/537.36 (KHTML, like Gecko) Chrome/50.0.2657.3 Safari/537.36"
192.168.1.66 - - [20/Aug/2016:09:02:32 +0000] "GET /card/parkCard/search?cardOriType=2&page=1&perPage=2 HTTP/1.1" 200 131 "http://sinihi.qnoddns.org.cn:8081/index.html" "Mozilla/5.0 (Windows NT 6.1) AppleWebKit/537.36 (KHTML, like Gecko) Chrome/50.0.2657.3 Safari/537.36"
192.168.1.110 - - [20/Aug/2016:09:02:39 +0000] "GET /uploadfiles/1471683243.png HTTP/1.1" 404 2438 "-" "Mozilla/5.0 (Macintosh; Intel Mac OS X 10_11_2) AppleWebKit/537.36 (KHTML, like Gecko) Chrome/51.0.2704.103 Safari/537.36"
192.168.1.110 - - [20/Aug/2016:09:02:41 +0000] "GET /uploadfiles/1471683243.png HTTP/1.1" 404 2438 "-" "Mozilla/5.0 (Macintosh; Intel Mac OS X 10_11_2) AppleWebKit/537.36 (KHTML, like Gecko) Chrome/51.0.2704.103 Safari/537.36"
192.168.1.110 - - [20/Aug/2016:09:02:45 +0000] "GET /uploadfiles/1471683243.jpg HTTP/1.1" 200 41699 "-" "Mozilla/5.0 (Macintosh; Intel Mac OS X 10_11_2) AppleWebKit/537.36 (KHTML, like Gecko) Chrome/51.0.2704.103 Safari/537.36"
192.168.1.66 - - [20/Aug/2016:09:03:06 +0000] "POST /operator/login HTTP/1.1" 200 8310 "http://sinihi.qnoddns.org.cn:8081/index.html" "Mozilla/5.0 (Windows NT 6.1) AppleWebKit/537.36 (KHTML, like Gecko) Chrome/50.0.2657.3 Safari/537.36"
192.168.1.66 - - [20/Aug/2016:09:03:06 +0000] "POST /operator/login HTTP/1.1" 200 8310 "http://sinihi.qnoddns.org.cn:8081/index.html" "Mozilla/5.0 (Windows NT 6.1) AppleWebKit/537.36 (KHTML, like Gecko) Chrome/50.0.2657.3 Safari/537.36"
192.168.1.66 - - [20/Aug/2016:09:03:06 +0000] "GET /card/parkCard/search?cardOriType=2&page=1&perPage=2 HTTP/1.1" 200 131 "http://sinihi.qnoddns.org.cn:8081/index.html" "Mozilla/5.0 (Windows NT 6.1) AppleWebKit/537.36 (KHTML, like Gecko) Chrome/50.0.2657.3 Safari/537.36"
192.168.1.66 - - [20/Aug/2016:09:03:06 +0000] "GET /card/parkCard/search?cardOriType=2&page=1&perPage=2 HTTP/1.1" 200 131 "http://sinihi.qnoddns.org.cn:8081/index.html" "Mozilla/5.0 (Windows NT 6.1) AppleWebKit/537.36 (KHTML, like Gecko) Chrome/50.0.2657.3 Safari/537.36"
192.168.1.224 - - [20/Aug/2016:09:04:39 +0000] "POST /operator/login HTTP/1.1" 200 8310 "http://sinihi.qnoddns.org.cn:8081/index.html" "Mozilla/5.0 (Macintosh; Intel Mac OS X 10_11_5) AppleWebKit/537.36 (KHTML, like Gecko) Chrome/50.0.2661.102 Safari/537.36"
192.168.1.224 - - [20/Aug/2016:09:04:39 +0000] "POST /operator/login HTTP/1.1" 200 8317 "http://sinihi.qnoddns.org.cn:8081/index.html" "Mozilla/5.0 (Macintosh; Intel Mac OS X 10_11_5) AppleWebKit/537.36 (KHTML, like Gecko) Chrome/50.0.2661.102 Safari/537.36"
192.168.1.224 - - [20/Aug/2016:09:04:39 +0000] "GET /card/parkCard/search?cardOriType=2&page=1&perPage=2 HTTP/1.1" 200 131 "http://sinihi.qnoddns.org.cn:8081/index.html" "Mozilla/5.0 (Macintosh; Intel Mac OS X 10_11_5) AppleWebKit/537.36 (KHTML, like Gecko) Chrome/50.0.2661.102 Safari/537.36"
192.168.1.224 - - [20/Aug/2016:09:04:39 +0000] "GET /card/parkCard/search?cardOriType=2&page=1&perPage=2 HTTP/1.1" 200 131 "http://sinihi.qnoddns.org.cn:8081/index.html" "Mozilla/5.0 (Macintosh; Intel Mac OS X 10_11_5) AppleWebKit/537.36 (KHTML, like Gecko) Chrome/50.0.2661.102 Safari/537.36"
192.168.1.165 - - [20/Aug/2016:09:05:16 +0000] "POST /admission/camera HTTP/1.0" 500 17307 "-" "-"
192.168.1.165 - - [20/Aug/2016:09:07:14 +0000] "POST /admission/camera HTTP/1.0" 500 17853 "-" "-"
192.168.1.165 - - [20/Aug/2016:09:09:30 +0000] "POST /admission/camera HTTP/1.0" 500 122630 "-" "-"
192.168.1.105 - - [20/Aug/2016:09:11:11 +0000] "GET /user/department HTTP/1.1" 200 479 "http://192.168.1.90:8081/index.html#/UserList" "Mozilla/5.0 (Windows NT 6.1; Trident/7.0; rv:11.0) like Gecko"
192.168.1.105 - - [20/Aug/2016:09:11:11 +0000] "GET /user?page=1&perPage=10 HTTP/1.1" 200 2853 "http://192.168.1.90:8081/index.html#/UserList" "Mozilla/5.0 (Windows NT 6.1; Trident/7.0; rv:11.0) like Gecko"
192.168.1.105 - - [20/Aug/2016:09:11:11 +0000] "GET /user?page=1&perPage=10 HTTP/1.1" 200 2853 "http://192.168.1.90:8081/index.html#/UserList" "Mozilla/5.0 (Windows NT 6.1; Trident/7.0; rv:11.0) like Gecko"
192.168.1.105 - - [20/Aug/2016:09:11:14 +0000] "GET /admission?page=1&perPage=6 HTTP/1.1" 500 17355 "http://192.168.1.90:8081/index.html#/Retrieve" "Mozilla/5.0 (Windows NT 6.1; Trident/7.0; rv:11.0) like Gecko"
192.168.1.165 - - [20/Aug/2016:09:13:59 +0000] "POST /admission/camera HTTP/1.0" 500 177654 "-" "-"
192.168.1.165 - - [20/Aug/2016:09:14:23 +0000] "POST /admission/camera HTTP/1.0" 500 174758 "-" "-"
192.168.1.165 - - [20/Aug/2016:09:15:01 +0000] "POST /admission/camera HTTP/1.0" 500 177654 "-" "-"
192.168.1.165 - - [20/Aug/2016:09:15:35 +0000] "POST /admission/camera HTTP/1.0" 500 177654 "-" "-"
192.168.1.165 - - [20/Aug/2016:09:18:13 +0000] "POST /admission/camera HTTP/1.0" 500 177654 "-" "-"
192.168.1.165 - - [20/Aug/2016:09:22:33 +0000] "POST /admission/camera HTTP/1.0" 500 17271 "-" "-"
192.168.1.165 - - [20/Aug/2016:09:24:36 +0000] "POST /admission/camera HTTP/1.0" 200 138 "-" "-"
192.168.1.105 - - [20/Aug/2016:09:24:36 +0000] "GET /admission?id=123 HTTP/1.1" 200 862 "http://192.168.1.90:8081/index.html#/Retrieve" "Mozilla/5.0 (Windows NT 6.1; Trident/7.0; rv:11.0) like Gecko"
192.168.1.165 - - [20/Aug/2016:09:24:37 +0000] "POST /admission/camera HTTP/1.0" 200 211 "-" "-"
192.168.1.105 - - [20/Aug/2016:09:24:37 +0000] "GET /admission?id=124 HTTP/1.1" 200 921 "http://192.168.1.90:8081/index.html#/Retrieve" "Mozilla/5.0 (Windows NT 6.1; Trident/7.0; rv:11.0) like Gecko"
192.168.1.224 - - [20/Aug/2016:09:24:47 +0000] "GET /card/parkCard/search?cardOriType=0&page=1&perPage=10 HTTP/1.1" 200 1194 "http://sinihi.qnoddns.org.cn:8081/index.html" "Mozilla/5.0 (Macintosh; Intel Mac OS X 10_11_5) AppleWebKit/537.36 (KHTML, like Gecko) Chrome/50.0.2661.102 Safari/537.36"
192.168.1.224 - - [20/Aug/2016:09:24:47 +0000] "GET /card/issueParkCardData HTTP/1.1" 200 2959 "http://sinihi.qnoddns.org.cn:8081/index.html" "Mozilla/5.0 (Macintosh; Intel Mac OS X 10_11_5) AppleWebKit/537.36 (KHTML, like Gecko) Chrome/50.0.2661.102 Safari/537.36"
192.168.1.224 - - [20/Aug/2016:09:24:47 +0000] "GET /card/issueParkCardData HTTP/1.1" 200 2959 "http://sinihi.qnoddns.org.cn:8081/index.html" "Mozilla/5.0 (Macintosh; Intel Mac OS X 10_11_5) AppleWebKit/537.36 (KHTML, like Gecko) Chrome/50.0.2661.102 Safari/537.36"
192.168.1.224 - - [20/Aug/2016:09:24:47 +0000] "GET /card/parkCard/search?cardOriType=0&page=1&perPage=10 HTTP/1.1" 200 1194 "http://sinihi.qnoddns.org.cn:8081/index.html" "Mozilla/5.0 (Macintosh; Intel Mac OS X 10_11_5) AppleWebKit/537.36 (KHTML, like Gecko) Chrome/50.0.2661.102 Safari/537.36"
192.168.1.224 - - [20/Aug/2016:09:24:50 +0000] "GET /card/issueParkCardData HTTP/1.1" 200 2959 "http://sinihi.qnoddns.org.cn:8081/index.html" "Mozilla/5.0 (Macintosh; Intel Mac OS X 10_11_5) AppleWebKit/537.36 (KHTML, like Gecko) Chrome/50.0.2661.102 Safari/537.36"
192.168.1.224 - - [20/Aug/2016:09:24:50 +0000] "GET /card/parkCard/search?cardOriType=3&page=1&perPage=10 HTTP/1.1" 200 673 "http://sinihi.qnoddns.org.cn:8081/index.html" "Mozilla/5.0 (Macintosh; Intel Mac OS X 10_11_5) AppleWebKit/537.36 (KHTML, like Gecko) Chrome/50.0.2661.102 Safari/537.36"
192.168.1.224 - - [20/Aug/2016:09:24:50 +0000] "GET /card/issueParkCardData HTTP/1.1" 200 2959 "http://sinihi.qnoddns.org.cn:8081/index.html" "Mozilla/5.0 (Macintosh; Intel Mac OS X 10_11_5) AppleWebKit/537.36 (KHTML, like Gecko) Chrome/50.0.2661.102 Safari/537.36"
192.168.1.224 - - [20/Aug/2016:09:24:50 +0000] "GET /card/parkCard/search?cardOriType=3&page=1&perPage=10 HTTP/1.1" 200 673 "http://sinihi.qnoddns.org.cn:8081/index.html" "Mozilla/5.0 (Macintosh; Intel Mac OS X 10_11_5) AppleWebKit/537.36 (KHTML, like Gecko) Chrome/50.0.2661.102 Safari/537.36"
192.168.1.224 - - [20/Aug/2016:09:24:53 +0000] "GET /box/boxDoor?page=1&perPage=10 HTTP/1.1" 200 5931 "http://sinihi.qnoddns.org.cn:8081/index.html" "Mozilla/5.0 (Macintosh; Intel Mac OS X 10_11_5) AppleWebKit/537.36 (KHTML, like Gecko) Chrome/50.0.2661.102 Safari/537.36"
192.168.1.224 - - [20/Aug/2016:09:24:53 +0000] "GET /box/boxDoor?page=1&perPage=10 HTTP/1.1" 200 5931 "http://sinihi.qnoddns.org.cn:8081/index.html" "Mozilla/5.0 (Macintosh; Intel Mac OS X 10_11_5) AppleWebKit/537.36 (KHTML, like Gecko) Chrome/50.0.2661.102 Safari/537.36"
192.168.1.224 - - [20/Aug/2016:09:24:55 +0000] "GET /box?page=1&perPage=10 HTTP/1.1" 200 2467 "http://sinihi.qnoddns.org.cn:8081/index.html" "Mozilla/5.0 (Macintosh; Intel Mac OS X 10_11_5) AppleWebKit/537.36 (KHTML, like Gecko) Chrome/50.0.2661.102 Safari/537.36"
192.168.1.224 - - [20/Aug/2016:09:24:55 +0000] "GET /box?page=1&perPage=10 HTTP/1.1" 200 2467 "http://sinihi.qnoddns.org.cn:8081/index.html" "Mozilla/5.0 (Macintosh; Intel Mac OS X 10_11_5) AppleWebKit/537.36 (KHTML, like Gecko) Chrome/50.0.2661.102 Safari/537.36"
192.168.1.224 - - [20/Aug/2016:09:25:04 +0000] "GET /card/issueParkCardData HTTP/1.1" 200 2959 "http://sinihi.qnoddns.org.cn:8081/index.html" "Mozilla/5.0 (Macintosh; Intel Mac OS X 10_11_5) AppleWebKit/537.36 (KHTML, like Gecko) Chrome/50.0.2661.102 Safari/537.36"
192.168.1.224 - - [20/Aug/2016:09:25:09 +0000] "GET /operator?page=1&perPage=10 HTTP/1.1" 200 1733 "http://sinihi.qnoddns.org.cn:8081/index.html" "Mozilla/5.0 (Macintosh; Intel Mac OS X 10_11_5) AppleWebKit/537.36 (KHTML, like Gecko) Chrome/50.0.2661.102 Safari/537.36"
192.168.1.224 - - [20/Aug/2016:09:25:09 +0000] "GET /operator?page=1&perPage=10 HTTP/1.1" 200 1733 "http://sinihi.qnoddns.org.cn:8081/index.html" "Mozilla/5.0 (Macintosh; Intel Mac OS X 10_11_5) AppleWebKit/537.36 (KHTML, like Gecko) Chrome/50.0.2661.102 Safari/537.36"
192.168.1.224 - - [20/Aug/2016:09:25:12 +0000] "GET /role?page=1&perPage=10 HTTP/1.1" 200 36544 "http://sinihi.qnoddns.org.cn:8081/index.html" "Mozilla/5.0 (Macintosh; Intel Mac OS X 10_11_5) AppleWebKit/537.36 (KHTML, like Gecko) Chrome/50.0.2661.102 Safari/537.36"
192.168.1.224 - - [20/Aug/2016:09:25:12 +0000] "GET /role?page=1&perPage=10 HTTP/1.1" 200 36550 "http://sinihi.qnoddns.org.cn:8081/index.html" "Mozilla/5.0 (Macintosh; Intel Mac OS X 10_11_5) AppleWebKit/537.36 (KHTML, like Gecko) Chrome/50.0.2661.102 Safari/537.36"
192.168.1.224 - - [20/Aug/2016:09:25:16 +0000] "GET /admission?page=1&perPage=6 HTTP/1.1" 500 17355 "http://sinihi.qnoddns.org.cn:8081/index.html" "Mozilla/5.0 (Macintosh; Intel Mac OS X 10_11_5) AppleWebKit/537.36 (KHTML, like Gecko) Chrome/50.0.2661.102 Safari/537.36"
192.168.1.224 - - [20/Aug/2016:09:25:44 +0000] "GET /admission?page=1&perPage=6 HTTP/1.1" 500 17355 "http://sinihi.qnoddns.org.cn:8081/index.html" "Mozilla/5.0 (Macintosh; Intel Mac OS X 10_11_5) AppleWebKit/537.36 (KHTML, like Gecko) Chrome/50.0.2661.102 Safari/537.36"
192.168.1.224 - - [20/Aug/2016:09:26:03 +0000] "GET /box/boxDoor?page=1&perPage=10 HTTP/1.1" 200 5931 "http://sinihi.qnoddns.org.cn:8081/index.html" "Mozilla/5.0 (Macintosh; Intel Mac OS X 10_11_5) AppleWebKit/537.36 (KHTML, like Gecko) Chrome/50.0.2661.102 Safari/537.36"
192.168.1.224 - - [20/Aug/2016:09:26:03 +0000] "GET /box/boxDoor?page=1&perPage=10 HTTP/1.1" 200 5931 "http://sinihi.qnoddns.org.cn:8081/index.html" "Mozilla/5.0 (Macintosh; Intel Mac OS X 10_11_5) AppleWebKit/537.36 (KHTML, like Gecko) Chrome/50.0.2661.102 Safari/537.36"
192.168.1.224 - - [20/Aug/2016:09:26:05 +0000] "GET /admission?page=1&perPage=6 HTTP/1.1" 500 17355 "http://sinihi.qnoddns.org.cn:8081/index.html" "Mozilla/5.0 (Macintosh; Intel Mac OS X 10_11_5) AppleWebKit/537.36 (KHTML, like Gecko) Chrome/50.0.2661.102 Safari/537.36"
192.168.1.105 - - [20/Aug/2016:09:26:31 +0000] "POST /admission/cancelEnter HTTP/1.1" 200 42 "http://192.168.1.90:8081/index.html#/Retrieve" "Mozilla/5.0 (Windows NT 6.1; Trident/7.0; rv:11.0) like Gecko"
192.168.1.105 - - [20/Aug/2016:09:26:32 +0000] "POST /admission/cancelEnter HTTP/1.1" 200 42 "http://192.168.1.90:8081/index.html#/Retrieve" "Mozilla/5.0 (Windows NT 6.1; Trident/7.0; rv:11.0) like Gecko"
192.168.1.165 - - [20/Aug/2016:09:26:40 +0000] "POST /admission/camera HTTP/1.0" 200 138 "-" "-"
192.168.1.105 - - [20/Aug/2016:09:26:40 +0000] "GET /admission?id=125 HTTP/1.1" 200 862 "http://192.168.1.90:8081/index.html#/Retrieve" "Mozilla/5.0 (Windows NT 6.1; Trident/7.0; rv:11.0) like Gecko"
192.168.1.105 - - [20/Aug/2016:09:27:24 +0000] "GET /admission?page=1&perPage=6 HTTP/1.1" 500 17355 "http://192.168.1.90:8081/index.html#/Retrieve" "Mozilla/5.0 (Windows NT 6.1; Trident/7.0; rv:11.0) like Gecko"
192.168.1.105 - - [20/Aug/2016:09:27:24 +0000] "POST /operator/login HTTP/1.1" 200 8310 "http://192.168.1.90:8081/index.html#/Retrieve" "Mozilla/5.0 (Windows NT 6.1; Trident/7.0; rv:11.0) like Gecko"
192.168.1.224 - - [20/Aug/2016:09:27:39 +0000] "GET /admission?page=1&perPage=6 HTTP/1.1" 500 17370 "http://sinihi.qnoddns.org.cn:8081/index.html?" "Mozilla/5.0 (Macintosh; Intel Mac OS X 10_11_5) AppleWebKit/537.36 (KHTML, like Gecko) Chrome/50.0.2661.102 Safari/537.36"
192.168.1.224 - - [20/Aug/2016:09:27:39 +0000] "POST /operator/login HTTP/1.1" 200 8310 "http://sinihi.qnoddns.org.cn:8081/index.html?" "Mozilla/5.0 (Macintosh; Intel Mac OS X 10_11_5) AppleWebKit/537.36 (KHTML, like Gecko) Chrome/50.0.2661.102 Safari/537.36"
192.168.1.165 - - [20/Aug/2016:09:28:35 +0000] "POST /admission/camera HTTP/1.0" 200 138 "-" "-"
192.168.1.105 - - [20/Aug/2016:09:28:35 +0000] "GET /admission?id=126 HTTP/1.1" 200 862 "http://192.168.1.90:8081/index.html#/Retrieve" "Mozilla/5.0 (Windows NT 6.1; Trident/7.0; rv:11.0) like Gecko"
192.168.1.105 - - [20/Aug/2016:09:30:46 +0000] "POST /admission/cancelEnter HTTP/1.1" 200 42 "http://192.168.1.90:8081/index.html#/Retrieve" "Mozilla/5.0 (Windows NT 6.1; Trident/7.0; rv:11.0) like Gecko"
192.168.1.165 - - [20/Aug/2016:09:30:53 +0000] "POST /admission/camera HTTP/1.0" 200 211 "-" "-"
192.168.1.105 - - [20/Aug/2016:09:30:53 +0000] "GET /admission?id=127 HTTP/1.1" 200 934 "http://192.168.1.90:8081/index.html#/Retrieve" "Mozilla/5.0 (Windows NT 6.1; Trident/7.0; rv:11.0) like Gecko"
192.168.1.224 - - [20/Aug/2016:09:31:09 +0000] "GET /admission?page=1&perPage=6 HTTP/1.1" 500 17355 "http://192.168.1.90:8081/index.html" "Mozilla/5.0 (Macintosh; Intel Mac OS X 10_11_5) AppleWebKit/537.36 (KHTML, like Gecko) Chrome/50.0.2661.102 Safari/537.36"
192.168.1.105 - - [20/Aug/2016:09:35:11 +0000] "GET /uploadfiles/1471685452.jpg HTTP/1.1" 200 55473 "-" "Mozilla/5.0 (Windows NT 6.1; Trident/7.0; rv:11.0) like Gecko"
192.168.1.105 - - [20/Aug/2016:09:35:11 +0000] "GET /favicon.ico HTTP/1.1" 404 2438 "-" "Mozilla/5.0 (Windows NT 6.1; Trident/7.0; rv:11.0) like Gecko"
192.168.1.105 - - [20/Aug/2016:09:36:58 +0000] "POST /admission/cancelEnter HTTP/1.1" 200 42 "http://192.168.1.90:8081/index.html#/Retrieve" "Mozilla/5.0 (Windows NT 6.1; Trident/7.0; rv:11.0) like Gecko"
192.168.1.105 - - [20/Aug/2016:10:08:19 +0000] "GET /favicon.ico HTTP/1.1" 404 2438 "-" "Mozilla/5.0 (Windows NT 6.1; Trident/7.0; rv:11.0) like Gecko"
192.168.1.87 - - [22/Aug/2016:00:48:01 +0000] "POST /operator/login HTTP/1.1" 200 8310 "http://sinihi.qnoddns.org.cn:8081/index.html" "Mozilla/5.0 (Macintosh; Intel Mac OS X 10_11_5) AppleWebKit/537.36 (KHTML, like Gecko) Chrome/52.0.2743.116 Safari/537.36"
192.168.1.87 - - [22/Aug/2016:00:48:01 +0000] "POST /operator/login HTTP/1.1" 200 8317 "http://sinihi.qnoddns.org.cn:8081/index.html" "Mozilla/5.0 (Macintosh; Intel Mac OS X 10_11_5) AppleWebKit/537.36 (KHTML, like Gecko) Chrome/52.0.2743.116 Safari/537.36"
192.168.1.87 - - [22/Aug/2016:00:48:01 +0000] "GET /card/parkCard/search?cardOriType=2&page=1&perPage=2 HTTP/1.1" 200 131 "http://sinihi.qnoddns.org.cn:8081/index.html" "Mozilla/5.0 (Macintosh; Intel Mac OS X 10_11_5) AppleWebKit/537.36 (KHTML, like Gecko) Chrome/52.0.2743.116 Safari/537.36"
192.168.1.87 - - [22/Aug/2016:00:48:01 +0000] "GET /card/parkCard/search?cardOriType=2&page=1&perPage=2 HTTP/1.1" 200 131 "http://sinihi.qnoddns.org.cn:8081/index.html" "Mozilla/5.0 (Macintosh; Intel Mac OS X 10_11_5) AppleWebKit/537.36 (KHTML, like Gecko) Chrome/52.0.2743.116 Safari/537.36"
192.168.1.87 - - [22/Aug/2016:00:48:27 +0000] "GET /box?page=1&perPage=10 HTTP/1.1" 200 2467 "http://sinihi.qnoddns.org.cn:8081/index.html" "Mozilla/5.0 (Macintosh; Intel Mac OS X 10_11_5) AppleWebKit/537.36 (KHTML, like Gecko) Chrome/52.0.2743.116 Safari/537.36"
192.168.1.87 - - [22/Aug/2016:00:48:27 +0000] "GET /box?page=1&perPage=10 HTTP/1.1" 200 2467 "http://sinihi.qnoddns.org.cn:8081/index.html" "Mozilla/5.0 (Macintosh; Intel Mac OS X 10_11_5) AppleWebKit/537.36 (KHTML, like Gecko) Chrome/52.0.2743.116 Safari/537.36"
192.168.1.87 - - [22/Aug/2016:00:50:36 +0000] "GET /configure HTTP/1.1" 200 7369 "http://sinihi.qnoddns.org.cn:8081/index.html" "Mozilla/5.0 (Macintosh; Intel Mac OS X 10_11_5) AppleWebKit/537.36 (KHTML, like Gecko) Chrome/52.0.2743.116 Safari/537.36"
192.168.1.87 - - [22/Aug/2016:00:50:38 +0000] "GET /operator?page=1&perPage=10 HTTP/1.1" 200 1733 "http://sinihi.qnoddns.org.cn:8081/index.html" "Mozilla/5.0 (Macintosh; Intel Mac OS X 10_11_5) AppleWebKit/537.36 (KHTML, like Gecko) Chrome/52.0.2743.116 Safari/537.36"
192.168.1.87 - - [22/Aug/2016:00:50:38 +0000] "GET /operator?page=1&perPage=10 HTTP/1.1" 200 1733 "http://sinihi.qnoddns.org.cn:8081/index.html" "Mozilla/5.0 (Macintosh; Intel Mac OS X 10_11_5) AppleWebKit/537.36 (KHTML, like Gecko) Chrome/52.0.2743.116 Safari/537.36"
192.168.1.87 - - [22/Aug/2016:00:50:40 +0000] "GET /configure HTTP/1.1" 200 7369 "http://sinihi.qnoddns.org.cn:8081/index.html" "Mozilla/5.0 (Macintosh; Intel Mac OS X 10_11_5) AppleWebKit/537.36 (KHTML, like Gecko) Chrome/52.0.2743.116 Safari/537.36"
192.168.1.87 - - [22/Aug/2016:00:50:40 +0000] "GET /box HTTP/1.1" 200 2377 "http://sinihi.qnoddns.org.cn:8081/index.html" "Mozilla/5.0 (Macintosh; Intel Mac OS X 10_11_5) AppleWebKit/537.36 (KHTML, like Gecko) Chrome/52.0.2743.116 Safari/537.36"
192.168.1.87 - - [22/Aug/2016:00:50:41 +0000] "GET /configure?boxId=3 HTTP/1.1" 200 1005 "http://sinihi.qnoddns.org.cn:8081/index.html" "Mozilla/5.0 (Macintosh; Intel Mac OS X 10_11_5) AppleWebKit/537.36 (KHTML, like Gecko) Chrome/52.0.2743.116 Safari/537.36"
192.168.1.87 - - [22/Aug/2016:00:50:44 +0000] "GET /configure HTTP/1.1" 200 7369 "http://sinihi.qnoddns.org.cn:8081/index.html" "Mozilla/5.0 (Macintosh; Intel Mac OS X 10_11_5) AppleWebKit/537.36 (KHTML, like Gecko) Chrome/52.0.2743.116 Safari/537.36"
192.168.1.87 - - [22/Aug/2016:00:57:48 +0000] "GET /admission?page=1&perPage=6 HTTP/1.1" 500 17355 "http://sinihi.qnoddns.org.cn:8081/index.html" "Mozilla/5.0 (Macintosh; Intel Mac OS X 10_11_5) AppleWebKit/537.36 (KHTML, like Gecko) Chrome/52.0.2743.116 Safari/537.36"
192.168.1.87 - - [22/Aug/2016:01:03:20 +0000] "GET /card/parkCard/search?cardOriType=2&page=1&perPage=10 HTTP/1.1" 200 132 "http://sinihi.qnoddns.org.cn:8081/index.html" "Mozilla/5.0 (Macintosh; Intel Mac OS X 10_11_5) AppleWebKit/537.36 (KHTML, like Gecko) Chrome/52.0.2743.116 Safari/537.36"
192.168.1.87 - - [22/Aug/2016:01:03:20 +0000] "GET /card/parkCard/search?cardOriType=2&page=1&perPage=10 HTTP/1.1" 200 132 "http://sinihi.qnoddns.org.cn:8081/index.html" "Mozilla/5.0 (Macintosh; Intel Mac OS X 10_11_5) AppleWebKit/537.36 (KHTML, like Gecko) Chrome/52.0.2743.116 Safari/537.36"
192.168.1.87 - - [22/Aug/2016:01:03:21 +0000] "GET /card/parkCard/search?cardOriType=1&page=1&perPage=10 HTTP/1.1" 200 682 "http://sinihi.qnoddns.org.cn:8081/index.html" "Mozilla/5.0 (Macintosh; Intel Mac OS X 10_11_5) AppleWebKit/537.36 (KHTML, like Gecko) Chrome/52.0.2743.116 Safari/537.36"
192.168.1.87 - - [22/Aug/2016:01:03:21 +0000] "GET /card/issueParkCardData HTTP/1.1" 200 2959 "http://sinihi.qnoddns.org.cn:8081/index.html" "Mozilla/5.0 (Macintosh; Intel Mac OS X 10_11_5) AppleWebKit/537.36 (KHTML, like Gecko) Chrome/52.0.2743.116 Safari/537.36"
192.168.1.87 - - [22/Aug/2016:01:03:21 +0000] "GET /card/issueParkCardData HTTP/1.1" 200 2959 "http://sinihi.qnoddns.org.cn:8081/index.html" "Mozilla/5.0 (Macintosh; Intel Mac OS X 10_11_5) AppleWebKit/537.36 (KHTML, like Gecko) Chrome/52.0.2743.116 Safari/537.36"
192.168.1.87 - - [22/Aug/2016:01:03:21 +0000] "GET /card/parkCard/search?cardOriType=1&page=1&perPage=10 HTTP/1.1" 200 682 "http://sinihi.qnoddns.org.cn:8081/index.html" "Mozilla/5.0 (Macintosh; Intel Mac OS X 10_11_5) AppleWebKit/537.36 (KHTML, like Gecko) Chrome/52.0.2743.116 Safari/537.36"
192.168.1.87 - - [22/Aug/2016:01:03:22 +0000] "GET /card/issueParkCardData HTTP/1.1" 200 2959 "http://sinihi.qnoddns.org.cn:8081/index.html" "Mozilla/5.0 (Macintosh; Intel Mac OS X 10_11_5) AppleWebKit/537.36 (KHTML, like Gecko) Chrome/52.0.2743.116 Safari/537.36"
192.168.1.87 - - [22/Aug/2016:01:03:22 +0000] "GET /box/boxDoor HTTP/1.1" 200 5841 "http://sinihi.qnoddns.org.cn:8081/index.html" "Mozilla/5.0 (Macintosh; Intel Mac OS X 10_11_5) AppleWebKit/537.36 (KHTML, like Gecko) Chrome/52.0.2743.116 Safari/537.36"
192.168.1.87 - - [22/Aug/2016:01:03:22 +0000] "GET /card/issueParkCardData HTTP/1.1" 200 2959 "http://sinihi.qnoddns.org.cn:8081/index.html" "Mozilla/5.0 (Macintosh; Intel Mac OS X 10_11_5) AppleWebKit/537.36 (KHTML, like Gecko) Chrome/52.0.2743.116 Safari/537.36"
192.168.1.87 - - [22/Aug/2016:01:04:29 +0000] "GET /card/issueParkCardData HTTP/1.1" 200 2959 "http://sinihi.qnoddns.org.cn:8081/index.html" "Mozilla/5.0 (Macintosh; Intel Mac OS X 10_11_5) AppleWebKit/537.36 (KHTML, like Gecko) Chrome/52.0.2743.116 Safari/537.36"
192.168.1.87 - - [22/Aug/2016:01:04:29 +0000] "GET /card/parkCard/search?cardOriType=3&page=1&perPage=10 HTTP/1.1" 200 673 "http://sinihi.qnoddns.org.cn:8081/index.html" "Mozilla/5.0 (Macintosh; Intel Mac OS X 10_11_5) AppleWebKit/537.36 (KHTML, like Gecko) Chrome/52.0.2743.116 Safari/537.36"
192.168.1.87 - - [22/Aug/2016:01:04:29 +0000] "GET /card/issueParkCardData HTTP/1.1" 200 2959 "http://sinihi.qnoddns.org.cn:8081/index.html" "Mozilla/5.0 (Macintosh; Intel Mac OS X 10_11_5) AppleWebKit/537.36 (KHTML, like Gecko) Chrome/52.0.2743.116 Safari/537.36"
192.168.1.87 - - [22/Aug/2016:01:04:29 +0000] "GET /card/parkCard/search?cardOriType=3&page=1&perPage=10 HTTP/1.1" 200 673 "http://sinihi.qnoddns.org.cn:8081/index.html" "Mozilla/5.0 (Macintosh; Intel Mac OS X 10_11_5) AppleWebKit/537.36 (KHTML, like Gecko) Chrome/52.0.2743.116 Safari/537.36"
192.168.1.87 - - [22/Aug/2016:01:04:30 +0000] "GET /card/issueParkCardData HTTP/1.1" 200 2959 "http://sinihi.qnoddns.org.cn:8081/index.html" "Mozilla/5.0 (Macintosh; Intel Mac OS X 10_11_5) AppleWebKit/537.36 (KHTML, like Gecko) Chrome/52.0.2743.116 Safari/537.36"
192.168.1.87 - - [22/Aug/2016:01:04:30 +0000] "GET /card/parkCard/search?cardOriType=0&page=1&perPage=10 HTTP/1.1" 200 1194 "http://sinihi.qnoddns.org.cn:8081/index.html" "Mozilla/5.0 (Macintosh; Intel Mac OS X 10_11_5) AppleWebKit/537.36 (KHTML, like Gecko) Chrome/52.0.2743.116 Safari/537.36"
192.168.1.87 - - [22/Aug/2016:01:04:30 +0000] "GET /card/issueParkCardData HTTP/1.1" 200 2959 "http://sinihi.qnoddns.org.cn:8081/index.html" "Mozilla/5.0 (Macintosh; Intel Mac OS X 10_11_5) AppleWebKit/537.36 (KHTML, like Gecko) Chrome/52.0.2743.116 Safari/537.36"
192.168.1.87 - - [22/Aug/2016:01:04:30 +0000] "GET /card/parkCard/search?cardOriType=0&page=1&perPage=10 HTTP/1.1" 200 1194 "http://sinihi.qnoddns.org.cn:8081/index.html" "Mozilla/5.0 (Macintosh; Intel Mac OS X 10_11_5) AppleWebKit/537.36 (KHTML, like Gecko) Chrome/52.0.2743.116 Safari/537.36"
192.168.1.87 - - [22/Aug/2016:01:04:32 +0000] "GET /card/parkCard/search?cardOriType=2&page=1&perPage=10 HTTP/1.1" 200 132 "http://sinihi.qnoddns.org.cn:8081/index.html" "Mozilla/5.0 (Macintosh; Intel Mac OS X 10_11_5) AppleWebKit/537.36 (KHTML, like Gecko) Chrome/52.0.2743.116 Safari/537.36"
192.168.1.87 - - [22/Aug/2016:01:04:32 +0000] "GET /card/parkCard/search?cardOriType=2&page=1&perPage=10 HTTP/1.1" 200 132 "http://sinihi.qnoddns.org.cn:8081/index.html" "Mozilla/5.0 (Macintosh; Intel Mac OS X 10_11_5) AppleWebKit/537.36 (KHTML, like Gecko) Chrome/52.0.2743.116 Safari/537.36"
192.168.1.87 - - [22/Aug/2016:01:04:34 +0000] "GET /user/department HTTP/1.1" 200 479 "http://sinihi.qnoddns.org.cn:8081/index.html" "Mozilla/5.0 (Macintosh; Intel Mac OS X 10_11_5) AppleWebKit/537.36 (KHTML, like Gecko) Chrome/52.0.2743.116 Safari/537.36"
192.168.1.87 - - [22/Aug/2016:01:04:34 +0000] "GET /user?page=1&perPage=10 HTTP/1.1" 200 2853 "http://sinihi.qnoddns.org.cn:8081/index.html" "Mozilla/5.0 (Macintosh; Intel Mac OS X 10_11_5) AppleWebKit/537.36 (KHTML, like Gecko) Chrome/52.0.2743.116 Safari/537.36"
192.168.1.87 - - [22/Aug/2016:01:04:34 +0000] "GET /user?page=1&perPage=10 HTTP/1.1" 200 2853 "http://sinihi.qnoddns.org.cn:8081/index.html" "Mozilla/5.0 (Macintosh; Intel Mac OS X 10_11_5) AppleWebKit/537.36 (KHTML, like Gecko) Chrome/52.0.2743.116 Safari/537.36"
192.168.1.87 - - [22/Aug/2016:01:04:35 +0000] "GET /user/department HTTP/1.1" 200 479 "http://sinihi.qnoddns.org.cn:8081/index.html" "Mozilla/5.0 (Macintosh; Intel Mac OS X 10_11_5) AppleWebKit/537.36 (KHTML, like Gecko) Chrome/52.0.2743.116 Safari/537.36"
192.168.1.87 - - [22/Aug/2016:01:04:35 +0000] "GET /card/issueParkCardData HTTP/1.1" 200 2959 "http://sinihi.qnoddns.org.cn:8081/index.html" "Mozilla/5.0 (Macintosh; Intel Mac OS X 10_11_5) AppleWebKit/537.36 (KHTML, like Gecko) Chrome/52.0.2743.116 Safari/537.36"
192.168.1.87 - - [22/Aug/2016:01:05:12 +0000] "GET /user?page=1&perPage=10 HTTP/1.1" 200 2853 "http://sinihi.qnoddns.org.cn:8081/index.html" "Mozilla/5.0 (Macintosh; Intel Mac OS X 10_11_5) AppleWebKit/537.36 (KHTML, like Gecko) Chrome/52.0.2743.116 Safari/537.36"
192.168.1.87 - - [22/Aug/2016:01:05:12 +0000] "GET /user/department HTTP/1.1" 200 479 "http://sinihi.qnoddns.org.cn:8081/index.html" "Mozilla/5.0 (Macintosh; Intel Mac OS X 10_11_5) AppleWebKit/537.36 (KHTML, like Gecko) Chrome/52.0.2743.116 Safari/537.36"
192.168.1.87 - - [22/Aug/2016:01:05:12 +0000] "GET /user?page=1&perPage=10 HTTP/1.1" 200 2853 "http://sinihi.qnoddns.org.cn:8081/index.html" "Mozilla/5.0 (Macintosh; Intel Mac OS X 10_11_5) AppleWebKit/537.36 (KHTML, like Gecko) Chrome/52.0.2743.116 Safari/537.36"
192.168.1.87 - - [22/Aug/2016:01:05:12 +0000] "POST /operator/login HTTP/1.1" 200 8310 "http://sinihi.qnoddns.org.cn:8081/index.html" "Mozilla/5.0 (Macintosh; Intel Mac OS X 10_11_5) AppleWebKit/537.36 (KHTML, like Gecko) Chrome/52.0.2743.116 Safari/537.36"
192.168.1.87 - - [22/Aug/2016:01:05:13 +0000] "GET /user/department HTTP/1.1" 200 479 "http://sinihi.qnoddns.org.cn:8081/index.html" "Mozilla/5.0 (Macintosh; Intel Mac OS X 10_11_5) AppleWebKit/537.36 (KHTML, like Gecko) Chrome/52.0.2743.116 Safari/537.36"
192.168.1.87 - - [22/Aug/2016:01:05:13 +0000] "GET /card/issueParkCardData HTTP/1.1" 200 2959 "http://sinihi.qnoddns.org.cn:8081/index.html" "Mozilla/5.0 (Macintosh; Intel Mac OS X 10_11_5) AppleWebKit/537.36 (KHTML, like Gecko) Chrome/52.0.2743.116 Safari/537.36"
192.168.1.1 - - [23/Aug/2016:01:30:17 +0000] "GET /favicon.ico HTTP/1.1" 404 2438 "http://sinihi.qnoddns.org.cn:8080/" "Mozilla/5.0 (Windows NT 6.1) AppleWebKit/537.36 (KHTML, like Gecko) Chrome/50.0.2657.3 Safari/537.36"
192.168.1.1 - - [23/Aug/2016:01:30:28 +0000] "GET / HTTP/1.1" 200 69 "-" "Mozilla/5.0 (Windows NT 6.1) AppleWebKit/537.36 (KHTML, like Gecko) Chrome/50.0.2657.3 Safari/537.36"
192.168.1.1 - - [23/Aug/2016:01:30:49 +0000] "GET / HTTP/1.1" 200 69 "-" "Mozilla/5.0 (Windows NT 6.1) AppleWebKit/537.36 (KHTML, like Gecko) Chrome/50.0.2657.3 Safari/537.36"
192.168.1.1 - - [23/Aug/2016:07:10:58 +0000] "GET / HTTP/1.1" 200 69 "-" "Mozilla/5.0 (Windows NT 6.1) AppleWebKit/537.36 (KHTML, like Gecko) Chrome/50.0.2657.3 Safari/537.36"
192.168.1.1 - - [23/Aug/2016:07:10:58 +0000] "GET /favicon.ico HTTP/1.1" 404 2438 "http://sinihi.qnoddns.org.cn:8080/" "Mozilla/5.0 (Windows NT 6.1) AppleWebKit/537.36 (KHTML, like Gecko) Chrome/50.0.2657.3 Safari/537.36"
192.168.1.66 - - [23/Aug/2016:07:11:18 +0000] "POST /operator/login HTTP/1.1" 200 8310 "http://sinihi.qnoddns.org.cn:8081/index.html" "Mozilla/5.0 (Windows NT 6.1) AppleWebKit/537.36 (KHTML, like Gecko) Chrome/50.0.2657.3 Safari/537.36"
192.168.1.66 - - [23/Aug/2016:07:11:18 +0000] "POST /operator/login HTTP/1.1" 200 8310 "http://sinihi.qnoddns.org.cn:8081/index.html" "Mozilla/5.0 (Windows NT 6.1) AppleWebKit/537.36 (KHTML, like Gecko) Chrome/50.0.2657.3 Safari/537.36"
192.168.1.66 - - [23/Aug/2016:07:11:18 +0000] "GET /card/parkCard/search?cardOriType=2&page=1&perPage=2 HTTP/1.1" 200 131 "http://sinihi.qnoddns.org.cn:8081/index.html" "Mozilla/5.0 (Windows NT 6.1) AppleWebKit/537.36 (KHTML, like Gecko) Chrome/50.0.2657.3 Safari/537.36"
192.168.1.66 - - [23/Aug/2016:07:11:18 +0000] "GET /card/parkCard/search?cardOriType=2&page=1&perPage=2 HTTP/1.1" 200 131 "http://sinihi.qnoddns.org.cn:8081/index.html" "Mozilla/5.0 (Windows NT 6.1) AppleWebKit/537.36 (KHTML, like Gecko) Chrome/50.0.2657.3 Safari/537.36"
192.168.1.66 - - [23/Aug/2016:07:11:23 +0000] "GET /admission?page=1&perPage=6 HTTP/1.1" 500 17355 "http://sinihi.qnoddns.org.cn:8081/index.html" "Mozilla/5.0 (Windows NT 6.1) AppleWebKit/537.36 (KHTML, like Gecko) Chrome/50.0.2657.3 Safari/537.36"
192.168.1.165 - - [24/Aug/2016:02:39:52 +0000] "POST /admission/camera HTTP/1.0" 200 205 "-" "-"
192.168.1.165 - - [24/Aug/2016:02:39:53 +0000] "POST /admission/camera HTTP/1.0" 200 278 "-" "-"
192.168.1.165 - - [24/Aug/2016:02:44:02 +0000] "POST /admission/camera HTTP/1.0" 200 272 "-" "-"
192.168.1.165 - - [24/Aug/2016:02:44:15 +0000] "POST /admission/camera HTTP/1.0" 200 400 "-" "-"
192.168.1.1 - - [05/Sep/2016:01:42:22 +0000] "GET / HTTP/1.1" 200 69 "-" "Mozilla/5.0 (Windows NT 6.1; WOW64; Trident/7.0; rv:11.0) like Gecko Core/1.47.1200.400 QQBrowser/9.4.9057.400"
192.168.1.1 - - [05/Sep/2016:01:43:10 +0000] "GET /index.html HTTP/1.1" 404 2438 "-" "Mozilla/5.0 (Windows NT 6.1; WOW64) AppleWebKit/537.36 (KHTML, like Gecko) Chrome/47.0.2526.80 Safari/537.36 Core/1.47.1200.400 QQBrowser/9.4.9057.400"
192.168.1.1 - - [05/Sep/2016:01:43:10 +0000] "GET /favicon.ico HTTP/1.1" 404 2438 "http://sinihi.qnoddns.org.cn:8080/index.html" "Mozilla/5.0 (Windows NT 6.1; WOW64) AppleWebKit/537.36 (KHTML, like Gecko) Chrome/47.0.2526.80 Safari/537.36 Core/1.47.1200.400 QQBrowser/9.4.9057.400"
192.168.1.70 - - [05/Sep/2016:01:44:05 +0000] "POST /operator/login HTTP/1.1" 200 8310 "http://sinihi.qnoddns.org.cn:8081/index.html" "Mozilla/5.0 (Windows NT 6.1; WOW64) AppleWebKit/537.36 (KHTML, like Gecko) Chrome/47.0.2526.80 Safari/537.36 Core/1.47.1200.400 QQBrowser/9.4.9057.400"
192.168.1.70 - - [05/Sep/2016:01:44:05 +0000] "POST /operator/login HTTP/1.1" 200 8317 "http://sinihi.qnoddns.org.cn:8081/index.html" "Mozilla/5.0 (Windows NT 6.1; WOW64) AppleWebKit/537.36 (KHTML, like Gecko) Chrome/47.0.2526.80 Safari/537.36 Core/1.47.1200.400 QQBrowser/9.4.9057.400"
192.168.1.70 - - [05/Sep/2016:01:44:05 +0000] "GET /card/parkCard/search?cardOriType=2&page=1&perPage=2 HTTP/1.1" 200 131 "http://sinihi.qnoddns.org.cn:8081/index.html" "Mozilla/5.0 (Windows NT 6.1; WOW64) AppleWebKit/537.36 (KHTML, like Gecko) Chrome/47.0.2526.80 Safari/537.36 Core/1.47.1200.400 QQBrowser/9.4.9057.400"
192.168.1.70 - - [05/Sep/2016:01:44:05 +0000] "GET /card/parkCard/search?cardOriType=2&page=1&perPage=2 HTTP/1.1" 200 131 "http://sinihi.qnoddns.org.cn:8081/index.html" "Mozilla/5.0 (Windows NT 6.1; WOW64) AppleWebKit/537.36 (KHTML, like Gecko) Chrome/47.0.2526.80 Safari/537.36 Core/1.47.1200.400 QQBrowser/9.4.9057.400"
192.168.1.70 - - [05/Sep/2016:01:44:07 +0000] "GET /box/boxDoor?page=1&perPage=10 HTTP/1.1" 200 5931 "http://sinihi.qnoddns.org.cn:8081/index.html" "Mozilla/5.0 (Windows NT 6.1; WOW64) AppleWebKit/537.36 (KHTML, like Gecko) Chrome/47.0.2526.80 Safari/537.36 Core/1.47.1200.400 QQBrowser/9.4.9057.400"
192.168.1.70 - - [05/Sep/2016:01:44:07 +0000] "GET /box/boxDoor?page=1&perPage=10 HTTP/1.1" 200 5931 "http://sinihi.qnoddns.org.cn:8081/index.html" "Mozilla/5.0 (Windows NT 6.1; WOW64) AppleWebKit/537.36 (KHTML, like Gecko) Chrome/47.0.2526.80 Safari/537.36 Core/1.47.1200.400 QQBrowser/9.4.9057.400"
192.168.1.70 - - [05/Sep/2016:01:44:18 +0000] "GET /user/department HTTP/1.1" 200 479 "http://sinihi.qnoddns.org.cn:8081/index.html" "Mozilla/5.0 (Windows NT 6.1; WOW64) AppleWebKit/537.36 (KHTML, like Gecko) Chrome/47.0.2526.80 Safari/537.36 Core/1.47.1200.400 QQBrowser/9.4.9057.400"
192.168.1.70 - - [05/Sep/2016:01:44:18 +0000] "GET /user?page=1&perPage=10 HTTP/1.1" 200 2853 "http://sinihi.qnoddns.org.cn:8081/index.html" "Mozilla/5.0 (Windows NT 6.1; WOW64) AppleWebKit/537.36 (KHTML, like Gecko) Chrome/47.0.2526.80 Safari/537.36 Core/1.47.1200.400 QQBrowser/9.4.9057.400"
192.168.1.70 - - [05/Sep/2016:01:44:18 +0000] "GET /user?page=1&perPage=10 HTTP/1.1" 200 2853 "http://sinihi.qnoddns.org.cn:8081/index.html" "Mozilla/5.0 (Windows NT 6.1; WOW64) AppleWebKit/537.36 (KHTML, like Gecko) Chrome/47.0.2526.80 Safari/537.36 Core/1.47.1200.400 QQBrowser/9.4.9057.400"
192.168.1.70 - - [05/Sep/2016:01:44:24 +0000] "GET /admission?page=1&perPage=6 HTTP/1.1" 500 17355 "http://sinihi.qnoddns.org.cn:8081/index.html" "Mozilla/5.0 (Windows NT 6.1; WOW64) AppleWebKit/537.36 (KHTML, like Gecko) Chrome/47.0.2526.80 Safari/537.36 Core/1.47.1200.400 QQBrowser/9.4.9057.400"
192.168.1.70 - - [05/Sep/2016:01:44:39 +0000] "GET /admission?page=1&perPage=6 HTTP/1.1" 500 17355 "http://sinihi.qnoddns.org.cn:8081/index.html" "Mozilla/5.0 (Windows NT 6.1; WOW64) AppleWebKit/537.36 (KHTML, like Gecko) Chrome/47.0.2526.80 Safari/537.36 Core/1.47.1200.400 QQBrowser/9.4.9057.400"
192.168.1.70 - - [05/Sep/2016:01:48:57 +0000] "GET /admission?page=1&perPage=6 HTTP/1.1" 500 17370 "http://sinihi.qnoddns.org.cn:8081/index.html" "Mozilla/5.0 (Windows NT 6.1; WOW64) AppleWebKit/537.36 (KHTML, like Gecko) Chrome/47.0.2526.80 Safari/537.36 Core/1.47.1200.400 QQBrowser/9.4.9057.400"
192.168.1.70 - - [05/Sep/2016:01:48:57 +0000] "POST /operator/login HTTP/1.1" 200 8310 "http://sinihi.qnoddns.org.cn:8081/index.html" "Mozilla/5.0 (Windows NT 6.1; WOW64) AppleWebKit/537.36 (KHTML, like Gecko) Chrome/47.0.2526.80 Safari/537.36 Core/1.47.1200.400 QQBrowser/9.4.9057.400"
192.168.1.70 - - [05/Sep/2016:01:49:01 +0000] "GET /admission?page=1&perPage=6 HTTP/1.1" 500 17355 "http://sinihi.qnoddns.org.cn:8081/index.html" "Mozilla/5.0 (Windows NT 6.1; WOW64) AppleWebKit/537.36 (KHTML, like Gecko) Chrome/47.0.2526.80 Safari/537.36 Core/1.47.1200.400 QQBrowser/9.4.9057.400"
192.168.1.70 - - [05/Sep/2016:01:49:03 +0000] "GET /user/department HTTP/1.1" 200 479 "http://sinihi.qnoddns.org.cn:8081/index.html" "Mozilla/5.0 (Windows NT 6.1; WOW64) AppleWebKit/537.36 (KHTML, like Gecko) Chrome/47.0.2526.80 Safari/537.36 Core/1.47.1200.400 QQBrowser/9.4.9057.400"
192.168.1.70 - - [05/Sep/2016:01:49:03 +0000] "GET /user?page=1&perPage=10 HTTP/1.1" 200 2853 "http://sinihi.qnoddns.org.cn:8081/index.html" "Mozilla/5.0 (Windows NT 6.1; WOW64) AppleWebKit/537.36 (KHTML, like Gecko) Chrome/47.0.2526.80 Safari/537.36 Core/1.47.1200.400 QQBrowser/9.4.9057.400"
192.168.1.70 - - [05/Sep/2016:01:49:06 +0000] "GET /user?page=1&perPage=10 HTTP/1.1" 200 2853 "http://sinihi.qnoddns.org.cn:8081/index.html" "Mozilla/5.0 (Windows NT 6.1; WOW64) AppleWebKit/537.36 (KHTML, like Gecko) Chrome/47.0.2526.80 Safari/537.36 Core/1.47.1200.400 QQBrowser/9.4.9057.400"
192.168.1.70 - - [05/Sep/2016:01:49:48 +0000] "OPTIONS /user HTTP/1.1" 200 33 "http://sinihi.qnoddns.org.cn:8081/index.html" "Mozilla/5.0 (Windows NT 6.1; WOW64) AppleWebKit/537.36 (KHTML, like Gecko) Chrome/47.0.2526.80 Safari/537.36 Core/1.47.1200.400 QQBrowser/9.4.9057.400"
192.168.1.70 - - [05/Sep/2016:01:49:48 +0000] "DELETE /user HTTP/1.1" 200 42 "http://sinihi.qnoddns.org.cn:8081/index.html" "Mozilla/5.0 (Windows NT 6.1; WOW64) AppleWebKit/537.36 (KHTML, like Gecko) Chrome/47.0.2526.80 Safari/537.36 Core/1.47.1200.400 QQBrowser/9.4.9057.400"
192.168.1.70 - - [05/Sep/2016:01:49:51 +0000] "GET /user?page=1&perPage=10 HTTP/1.1" 200 2512 "http://sinihi.qnoddns.org.cn:8081/index.html" "Mozilla/5.0 (Windows NT 6.1; WOW64) AppleWebKit/537.36 (KHTML, like Gecko) Chrome/47.0.2526.80 Safari/537.36 Core/1.47.1200.400 QQBrowser/9.4.9057.400"
192.168.1.70 - - [05/Sep/2016:01:49:51 +0000] "GET /user/department HTTP/1.1" 200 420 "http://sinihi.qnoddns.org.cn:8081/index.html" "Mozilla/5.0 (Windows NT 6.1; WOW64) AppleWebKit/537.36 (KHTML, like Gecko) Chrome/47.0.2526.80 Safari/537.36 Core/1.47.1200.400 QQBrowser/9.4.9057.400"
192.168.1.70 - - [05/Sep/2016:01:49:51 +0000] "GET /user?page=1&perPage=10 HTTP/1.1" 200 2512 "http://sinihi.qnoddns.org.cn:8081/index.html" "Mozilla/5.0 (Windows NT 6.1; WOW64) AppleWebKit/537.36 (KHTML, like Gecko) Chrome/47.0.2526.80 Safari/537.36 Core/1.47.1200.400 QQBrowser/9.4.9057.400"
192.168.1.70 - - [05/Sep/2016:01:49:51 +0000] "POST /operator/login HTTP/1.1" 200 8310 "http://sinihi.qnoddns.org.cn:8081/index.html" "Mozilla/5.0 (Windows NT 6.1; WOW64) AppleWebKit/537.36 (KHTML, like Gecko) Chrome/47.0.2526.80 Safari/537.36 Core/1.47.1200.400 QQBrowser/9.4.9057.400"
192.168.1.70 - - [05/Sep/2016:01:49:52 +0000] "GET /user/department HTTP/1.1" 200 420 "http://sinihi.qnoddns.org.cn:8081/index.html" "Mozilla/5.0 (Windows NT 6.1; WOW64) AppleWebKit/537.36 (KHTML, like Gecko) Chrome/47.0.2526.80 Safari/537.36 Core/1.47.1200.400 QQBrowser/9.4.9057.400"
192.168.1.70 - - [05/Sep/2016:01:49:52 +0000] "GET /card/issueParkCardData HTTP/1.1" 200 2959 "http://sinihi.qnoddns.org.cn:8081/index.html" "Mozilla/5.0 (Windows NT 6.1; WOW64) AppleWebKit/537.36 (KHTML, like Gecko) Chrome/47.0.2526.80 Safari/537.36 Core/1.47.1200.400 QQBrowser/9.4.9057.400"
192.168.1.70 - - [05/Sep/2016:01:50:32 +0000] "GET /user/department HTTP/1.1" 200 420 "http://sinihi.qnoddns.org.cn:8081/index.html" "Mozilla/5.0 (Windows NT 6.1; WOW64) AppleWebKit/537.36 (KHTML, like Gecko) Chrome/47.0.2526.80 Safari/537.36 Core/1.47.1200.400 QQBrowser/9.4.9057.400"
192.168.1.70 - - [05/Sep/2016:01:50:32 +0000] "GET /card/issueParkCardData HTTP/1.1" 200 2959 "http://sinihi.qnoddns.org.cn:8081/index.html" "Mozilla/5.0 (Windows NT 6.1; WOW64) AppleWebKit/537.36 (KHTML, like Gecko) Chrome/47.0.2526.80 Safari/537.36 Core/1.47.1200.400 QQBrowser/9.4.9057.400"
192.168.1.70 - - [05/Sep/2016:01:53:59 +0000] "GET /box/boxDoor?page=1&perPage=10 HTTP/1.1" 200 5931 "http://sinihi.qnoddns.org.cn:8081/index.html" "Mozilla/5.0 (Windows NT 6.1; WOW64) AppleWebKit/537.36 (KHTML, like Gecko) Chrome/47.0.2526.80 Safari/537.36 Core/1.47.1200.400 QQBrowser/9.4.9057.400"
192.168.1.70 - - [05/Sep/2016:01:53:59 +0000] "GET /box/boxDoor?page=1&perPage=10 HTTP/1.1" 200 5931 "http://sinihi.qnoddns.org.cn:8081/index.html" "Mozilla/5.0 (Windows NT 6.1; WOW64) AppleWebKit/537.36 (KHTML, like Gecko) Chrome/47.0.2526.80 Safari/537.36 Core/1.47.1200.400 QQBrowser/9.4.9057.400"
192.168.1.70 - - [05/Sep/2016:01:54:00 +0000] "GET /box?page=1&perPage=10 HTTP/1.1" 200 2467 "http://sinihi.qnoddns.org.cn:8081/index.html" "Mozilla/5.0 (Windows NT 6.1; WOW64) AppleWebKit/537.36 (KHTML, like Gecko) Chrome/47.0.2526.80 Safari/537.36 Core/1.47.1200.400 QQBrowser/9.4.9057.400"
192.168.1.70 - - [05/Sep/2016:01:54:00 +0000] "GET /box?page=1&perPage=10 HTTP/1.1" 200 2467 "http://sinihi.qnoddns.org.cn:8081/index.html" "Mozilla/5.0 (Windows NT 6.1; WOW64) AppleWebKit/537.36 (KHTML, like Gecko) Chrome/47.0.2526.80 Safari/537.36 Core/1.47.1200.400 QQBrowser/9.4.9057.400"
192.168.1.70 - - [05/Sep/2016:01:54:01 +0000] "GET /card/issueParkCardData HTTP/1.1" 200 2959 "http://sinihi.qnoddns.org.cn:8081/index.html" "Mozilla/5.0 (Windows NT 6.1; WOW64) AppleWebKit/537.36 (KHTML, like Gecko) Chrome/47.0.2526.80 Safari/537.36 Core/1.47.1200.400 QQBrowser/9.4.9057.400"
